==============================================================================
 ВОСХОДЯЩИЕ -> НИСХОДЯЩИЕ, КОТОРЫЕ ДЕЙСТВИТЕЛЬНО СЛУШАЮТ НОГИ
==============================================================================
восходящих: слева 838, справа 898
целей: 12
    DNg108 left
    DNg108 right
    DNge129 left
    DNge129 right
    DNg74_b left
    DNg74_b right
    DNge141 left
    DNge141 right
    DNp06 left
    DNp06 right
    DNp09 left
    DNp09 right

===== стимуляция: восходящие слева (838 нейронов) =====
   вход, Гц   DNg108 left  DNg108 right  DNge129 left DNge129 right  DNg74_b left DNg74_b right  DNge141 left DNge141 right    DNp06 left   DNp06 right    DNp09 left   DNp09 right
          0           0.0           0.0           0.0           0.0           0.0           0.0           0.0           0.0           0.0           0.0           0.0           0.0   [12 с]
         50           0.0           0.0          45.0          12.0          21.0           5.0          80.0           0.0           0.0           0.0           0.0           0.0   [12 с]
        100           0.0           0.0          86.0          26.0          28.0           5.0         121.0           0.0           0.0           0.0           0.0           0.0   [12 с]
        200           0.0           0.0         130.0          67.0          61.0          10.0         165.0           6.0           9.0           0.0           0.0           0.0   [12 с]

===== стимуляция: восходящие справа (898 нейронов) =====
   вход, Гц   DNg108 left  DNg108 right  DNge129 left DNge129 right  DNg74_b left DNg74_b right  DNge141 left DNge141 right    DNp06 left   DNp06 right    DNp09 left   DNp09 right
          0           0.0           0.0           0.0           0.0           0.0           0.0           0.0           0.0           0.0           0.0           0.0           0.0   [12 с]
         50           0.0           0.0          45.0          47.0          15.0          18.0           0.0          97.0           0.0           0.0           0.0           0.0   [11 с]
        100           0.0           0.0          77.0          79.0          22.0          29.0           4.0         140.0           0.0           0.0           0.0           0.0   [11 с]
        200           0.0           0.0         130.0         128.0          73.0          79.0          14.0         185.0           0.0           7.0           0.0           0.0   [11 с]

сохранено: /mnt/d/временное использование федей/мозг мухи/output/ascending_to_leg_dns.csv

Читать так: DNp09 обязан остаться на нуле — это известный
отрицательный контроль. Если DNg108 или DNge129 отзовутся, значит у
обратной связи от ног есть настоящий адрес, и её можно вести честно.
