==============================================================================
 ЗРИТЕЛЬНЫЙ ЗАМКНУТЫЙ КОНТУР: глаза -> LC9 -> DNp09 -> походка
==============================================================================
device=cuda, циклов=100, столб убран
[мозг] читаю нейроны и аннотации...
[мозг] нейронов 138639; LC9 слева 87, справа 92
[мозг] DNp09 left index=119032, right index=83620
[мозг] загружаю веса...
[тело] собираю модель со зрением...
[тело] шаг физики 0.1000 мс, столб в (500.0, +500.0) мм
[цикл] фильтр яркости глаз: tau=100 мс, alpha=0.139
[калибровка] яркость пустого поля: 15 циклов...
[калибровка] отклик DNp09: 3000 мс мозга на 100 Гц...
[калибровка] набрано спайков: левый 110, правый 43 за 2.25 с
[калибровка] базовая яркость: левый 0.6052, правый 0.6029
[калибровка] отклик DNp09 на базовой стимуляции: левый 48.9 Гц, правый 19.1 Гц
[калибровка] норма каналов: левый 75.2, правый 29.4 (пустое поле даёт команду 0.65)

[цикл] шагов мозга=150, шагов физики=150
  [  0/100] глаза 0.602/0.601 темнота 0.027/0.020  LC 108/106Гц  DNp09 67/0Гц  cmd 0.89/0.00  x=2.5 y=0.6 курс=+9°
  [ 10/100] глаза 0.607/0.600 темнота 0.000/0.033  LC 100/110Гц  DNp09 0/67Гц  cmd 0.64/1.00  x=3.8 y=0.4 курс=+2°
  [ 20/100] глаза 0.601/0.607 темнота 0.045/0.000  LC 113/100Гц  DNp09 0/0Гц  cmd 0.60/0.99  x=5.5 y=0.3 курс=+2°
  [ 30/100] глаза 0.597/0.609 темнота 0.082/0.000  LC 125/100Гц  DNp09 67/0Гц  cmd 0.72/0.75  x=7.2 y=0.5 курс=+4°
  [ 40/100] глаза 0.599/0.608 темнота 0.059/0.000  LC 118/100Гц  DNp09 67/133Гц  cmd 0.82/1.00  x=8.9 y=0.9 курс=+8°
  [ 50/100] глаза 0.602/0.605 темнота 0.031/0.000  LC 109/100Гц  DNp09 67/0Гц  cmd 0.82/0.76  x=10.8 y=1.5 курс=+18°
  [ 60/100] глаза 0.606/0.603 темнота 0.000/0.000  LC 100/100Гц  DNp09 67/0Гц  cmd 0.67/0.37  x=12.3 y=1.7 курс=+16°
  [ 70/100] глаза 0.604/0.601 темнота 0.012/0.022  LC 104/107Гц  DNp09 0/0Гц  cmd 0.64/0.49  x=13.7 y=1.8 курс=+10°
  [ 80/100] глаза 0.601/0.605 темнота 0.043/0.000  LC 113/100Гц  DNp09 133/0Гц  cmd 0.77/0.61  x=15.2 y=2.1 курс=+9°
  [ 90/100] глаза 0.601/0.603 темнота 0.037/0.000  LC 111/100Гц  DNp09 67/67Гц  cmd 0.75/0.65  x=16.6 y=2.5 курс=+7°
  [ 99/100] глаза 0.605/0.602 темнота 0.000/0.008  LC 100/102Гц  DNp09 67/0Гц  cmd 0.73/0.52  x=17.9 y=2.6 курс=+11°

готово за 296 с (2.96 с на цикл)
лог: /mnt/d/временное использование федей/мозг мухи/output/closed_loop_vision_f_none.csv

==============================================================================
 ИТОГ
==============================================================================
  смещение: dx=+15.45 dy=+2.00 мм, путь 15.58 мм
  поворот курса за прогон: +1.4°
  темнота левого глаза:  среднее 0.0290, максимум 0.0823
  темнота правого глаза: среднее 0.0077, максимум 0.0566
  cmd_left  среднее 0.724, разброс 0.073
  cmd_right среднее 0.739, разброс 0.256
  асимметрия команды (лево-право): среднее -0.0153
Exception ignored in: <function Renderer.__del__ at 0x7b9f005fc540>
Traceback (most recent call last):
  File "/home/fedor/miniconda3/envs/neuromechfly/lib/python3.12/site-packages/mujoco/rendering/classic/renderer.py", line 343, in __del__
    self.close()
  File "/home/fedor/miniconda3/envs/neuromechfly/lib/python3.12/site-packages/mujoco/rendering/classic/renderer.py", line 329, in close
    self._gl_context.free()
  File "/home/fedor/miniconda3/envs/neuromechfly/lib/python3.12/site-packages/mujoco/egl/__init__.py", line 133, in free
    EGL.eglDestroyContext(EGL_DISPLAY, self._context)
  File "/home/fedor/miniconda3/envs/neuromechfly/lib/python3.12/site-packages/OpenGL/platform/baseplatform.py", line 487, in __call__
    return self(*args, **named)
           ^^^^^^^^^^^^^^^^^^^^
  File "/home/fedor/miniconda3/envs/neuromechfly/lib/python3.12/site-packages/OpenGL/error.py", line 230, in glCheckError
    raise self._errorClass(
OpenGL.raw.EGL._errors.EGLError: EGLError(
	err = EGL_NOT_INITIALIZED,
	baseOperation = eglDestroyContext,
	cArguments = (
		<OpenGL._opaque.EGLDisplay_pointer object at 0x7b9eb02541d0>,
		<OpenGL._opaque.EGLContext_pointer object at 0x7b9eb0255250>,
	),
	result = 0
)
Exception ignored in: <function GLContext.__del__ at 0x7b9f00597ec0>
Traceback (most recent call last):
  File "/home/fedor/miniconda3/envs/neuromechfly/lib/python3.12/site-packages/mujoco/egl/__init__.py", line 138, in __del__
    self.free()
  File "/home/fedor/miniconda3/envs/neuromechfly/lib/python3.12/site-packages/mujoco/egl/__init__.py", line 133, in free
    EGL.eglDestroyContext(EGL_DISPLAY, self._context)
  File "/home/fedor/miniconda3/envs/neuromechfly/lib/python3.12/site-packages/OpenGL/error.py", line 230, in glCheckError
    raise self._errorClass(
OpenGL.raw.EGL._errors.EGLError: EGLError(
	err = EGL_NOT_INITIALIZED,
	baseOperation = eglDestroyContext,
	cArguments = (
		<OpenGL._opaque.EGLDisplay_pointer object at 0x7b9eb02541d0>,
		<OpenGL._opaque.EGLContext_pointer object at 0x7b9eb0255250>,
	),
	result = 0
)
