==============================================================================
 ЗРИТЕЛЬНЫЙ ЗАМКНУТЫЙ КОНТУР: глаза -> LC9 -> DNp09 -> походка
==============================================================================
device=cuda, циклов=100, столб убран
[мозг] читаю нейроны и аннотации...
[мозг] нейронов 138639; LC9 слева 87, справа 92
[мозг] DNp09 left index=119032, right index=83620
[мозг] загружаю веса...
[тело] собираю модель со зрением...
[тело] шаг физики 0.1000 мс, столб в (500.0, +500.0) мм
[калибровка] яркость пустого поля: 15 циклов...
[калибровка] отклик DNp09: 3000 мс мозга на 100 Гц...
[калибровка] набрано спайков: левый 110, правый 43 за 2.25 с
[калибровка] базовая яркость: левый 0.6052, правый 0.6029
[калибровка] отклик DNp09 на базовой стимуляции: левый 48.9 Гц, правый 19.1 Гц
[калибровка] норма каналов: левый 75.2, правый 29.4 (пустое поле даёт команду 0.65)

[цикл] шагов мозга=150, шагов физики=150
  [  0/100] глаза 0.602/0.601 темнота 0.027/0.020  LC 108/106Гц  DNp09 67/0Гц  cmd 0.89/0.00  x=2.5 y=0.6 курс=+9°
  [ 10/100] глаза 0.619/0.588 темнота 0.000/0.150  LC 100/145Гц  DNp09 67/67Гц  cmd 0.79/0.89  x=3.8 y=0.4 курс=+1°
  [ 20/100] глаза 0.613/0.607 темнота 0.000/0.000  LC 100/100Гц  DNp09 0/0Гц  cmd 0.75/0.97  x=5.7 y=0.3 курс=+1°
  [ 30/100] глаза 0.594/0.612 темнота 0.107/0.000  LC 132/100Гц  DNp09 67/0Гц  cmd 0.77/1.00  x=7.5 y=0.3 курс=+0°
  [ 40/100] глаза 0.584/0.620 темнота 0.208/0.000  LC 163/100Гц  DNp09 67/0Гц  cmd 0.75/0.84  x=9.3 y=0.7 курс=+5°
  [ 50/100] глаза 0.604/0.601 темнота 0.015/0.015  LC 104/105Гц  DNp09 67/67Гц  cmd 0.77/1.00  x=11.1 y=1.2 курс=+15°
  [ 60/100] глаза 0.617/0.586 темнота 0.000/0.172  LC 100/152Гц  DNp09 0/0Гц  cmd 0.75/0.57  x=12.8 y=1.4 курс=+17°
  [ 70/100] глаза 0.613/0.608 темнота 0.000/0.000  LC 100/100Гц  DNp09 67/0Гц  cmd 0.74/1.00  x=14.4 y=1.6 курс=+14°
  [ 80/100] глаза 0.594/0.613 темнота 0.113/0.000  LC 134/100Гц  DNp09 67/67Гц  cmd 0.80/1.00  x=16.2 y=2.2 курс=+17°
  [ 90/100] глаза 0.585/0.621 темнота 0.204/0.000  LC 161/100Гц  DNp09 67/0Гц  cmd 0.87/1.00  x=17.9 y=3.1 курс=+21°
  [ 99/100] глаза 0.614/0.593 темнота 0.000/0.100  LC 100/130Гц  DNp09 0/67Гц  cmd 0.68/0.84  x=19.3 y=3.8 курс=+31°

готово за 87 с (0.87 с на цикл)
лог: /mnt/d/временное использование федей/мозг мухи/output/closed_loop_vision_none.csv

==============================================================================
 ИТОГ
==============================================================================
  смещение: dx=+16.85 dy=+3.13 мм, путь 17.14 мм
  поворот курса за прогон: +21.3°
  темнота левого глаза:  среднее 0.0647, максимум 0.2524
  темнота правого глаза: среднее 0.0360, максимум 0.2188
  cmd_left  среднее 0.773, разброс 0.065
  cmd_right среднее 0.871, разброс 0.225
  асимметрия команды (лево-право): среднее -0.0986
Exception ignored in: <function Renderer.__del__ at 0x77ecc0ff0400>
Traceback (most recent call last):
  File "/home/fedor/miniconda3/envs/neuromechfly/lib/python3.12/site-packages/mujoco/rendering/classic/renderer.py", line 343, in __del__
    self.close()
  File "/home/fedor/miniconda3/envs/neuromechfly/lib/python3.12/site-packages/mujoco/rendering/classic/renderer.py", line 329, in close
    self._gl_context.free()
  File "/home/fedor/miniconda3/envs/neuromechfly/lib/python3.12/site-packages/mujoco/egl/__init__.py", line 133, in free
    EGL.eglDestroyContext(EGL_DISPLAY, self._context)
  File "/home/fedor/miniconda3/envs/neuromechfly/lib/python3.12/site-packages/OpenGL/platform/baseplatform.py", line 487, in __call__
    return self(*args, **named)
           ^^^^^^^^^^^^^^^^^^^^
  File "/home/fedor/miniconda3/envs/neuromechfly/lib/python3.12/site-packages/OpenGL/error.py", line 230, in glCheckError
    raise self._errorClass(
OpenGL.raw.EGL._errors.EGLError: EGLError(
	err = EGL_NOT_INITIALIZED,
	baseOperation = eglDestroyContext,
	cArguments = (
		<OpenGL._opaque.EGLDisplay_pointer object at 0x77ec71a800d0>,
		<OpenGL._opaque.EGLContext_pointer object at 0x77ec71a81150>,
	),
	result = 0
)
Exception ignored in: <function GLContext.__del__ at 0x77ecc1597d80>
Traceback (most recent call last):
  File "/home/fedor/miniconda3/envs/neuromechfly/lib/python3.12/site-packages/mujoco/egl/__init__.py", line 138, in __del__
    self.free()
  File "/home/fedor/miniconda3/envs/neuromechfly/lib/python3.12/site-packages/mujoco/egl/__init__.py", line 133, in free
    EGL.eglDestroyContext(EGL_DISPLAY, self._context)
  File "/home/fedor/miniconda3/envs/neuromechfly/lib/python3.12/site-packages/OpenGL/error.py", line 230, in glCheckError
    raise self._errorClass(
OpenGL.raw.EGL._errors.EGLError: EGLError(
	err = EGL_NOT_INITIALIZED,
	baseOperation = eglDestroyContext,
	cArguments = (
		<OpenGL._opaque.EGLDisplay_pointer object at 0x77ec71a800d0>,
		<OpenGL._opaque.EGLContext_pointer object at 0x77ec71a81150>,
	),
	result = 0
)
